<html>
<body>
<pre>
<h1>µVision Build Log</h1>
<h2>Tool Versions:</h2>
IDE-Version: ¦ÌVision V5.26.2.0
Copyright (C) 2018 ARM Ltd and ARM Germany GmbH. All rights reserved.
License Information: Jim AutoBVT, Microsoft, LIC=RC963-A2IE8-VEDHA-16WG9-JHCEI-4V85H
 
Tool Versions:
Toolchain:       MDK-ARM Plus  Version: 5.26.2.0
Toolchain Path:  G:\Program Files\Keil_v5\ARM\ARMCC\Bin
C Compiler:      Armcc.exe V5.06 update 6 (build 750)
Assembler:       Armasm.exe V5.06 update 6 (build 750)
Linker/Locator:  ArmLink.exe V5.06 update 6 (build 750)
Library Manager: ArmAr.exe V5.06 update 6 (build 750)
Hex Converter:   FromElf.exe V5.06 update 6 (build 750)
CPU DLL:         SARMCM3.DLL V5.26.2.0
Dialog DLL:      DARMCM1.DLL V1.19.1.0
Target DLL:      UL2CM3.DLL V1.161.6.0
Dialog DLL:      TARMCM1.DLL V1.14.0.0
 
<h2>Project:</h2>
C:\Users\Administrator\Desktop\Projects\MDK_ARM\F03xx_Demo.uvprojx
Project File Date:  03/07/2019

<h2>Output:</h2>
*** Using Compiler 'V5.06 update 6 (build 750)', folder: 'G:\Program Files\Keil_v5\ARM\ARMCC\Bin'
Rebuild target 'F030F4'
assembling startup_stm32f030.s...
compiling stm32f0xx_gpio.c...
compiling system_stm32f0xx.c...
compiling stm32f0xx_misc.c...
compiling stm32f0xx_rcc.c...
compiling main.c...
compiling stm32f0xx_it.c...
linking...
Program Size: Code=716 RO-data=196 RW-data=0 ZI-data=1632  
".\Objects\F03xx_Demo.axf" - 0 Error(s), 0 Warning(s).

<h2>Software Packages used:</h2>

Package Vendor: Keil
                http://www.keil.com/pack/Keil.STM32F0xx_DFP.2.0.0.pack
                Keil.STM32F0xx_DFP.2.0.0
                STMicroelectronics STM32F0 Series Device Support, Drivers and Examples

<h2>Collection of Component include folders:</h2>
  .\RTE\_F030F4
  G:\Program Files\Keil_v5\ARM\PACK\Keil\STM32F0xx_DFP\2.0.0\Drivers\CMSIS\Device\ST\STM32F0xx\Include

<h2>Collection of Component Files used:</h2>
Build Time Elapsed:  00:00:02
</pre>
</body>
</html>
